[0] = name: Foo, sellIn: -1, quality: 0
[1] = name: Aged Brie, sellIn: -1, quality: 2

